Cyber Forge · 0826 架构收敛日志
================================
日期：2026-08-26

【项目核心设计共识】
1. Cyber Forge 不是传统的“服务器管理一切”的 MMO。
2. 客户端需要自己流畅运行：移动、输入、镜头、碰撞、即时操作等不应因为网络往返而卡顿。
3. 客户端拥有本地区块链/Hash Chain + IndexedDB，用于本地操作记录、离线运行、异步对账与审计。
4. 服务端只管理必须由服务端权威管理的内容：账户、资产、经济、结算、全球状态、持久化、安全裁决等。
5. 架构收敛的原则不是“把所有东西搬到服务器”，而是：服务器只管理必须管理的东西；客户端能可靠自主完成的事情不要无意义地进入服务器。
6. 单一事实来源原则：当前世界运行态由 WorldState/客户端本地状态分别承担各自职责；Kafka/TiKV/归档不能反过来成为游戏规则的主人。

【已完成】
Step 1：
- 将 server/src/world_state.rs 从 main.rs 中独立出来。
- main.rs 负责启动系统；WorldState 负责世界状态。
- 曾遗漏 GameConfig import，导致 E0433；用户本机已修复并确认编译通过。
- 用户要求以后每次改动都必须测试，发现编译/语法错误必须修复后再交付。

Step 1 Portal 修复：
- 永久取消鼠标直接点击传送门的交互。
- 保留正常的移动/传送机制。
- 修复过一次 input.js 的括号错误，导致 UI 黑屏；随后 node --check 已通过，UI 恢复正常。
- 以后修改 JS 必须执行 node --check，避免类似回归。

Step 2：贴墙式/豁口传送门。
- 传送门视为墙体上的门洞/豁口。
- 沿墙平行奔跑、擦肩而过、附近停留不会触发传送。
- 只有移动方向明显朝向门洞内侧时才触发。
- 客户端本地立即过图，不增加网络等待。
- 服务器仍保留最终状态确认能力。

Step 3：Action Policy。
- 新增 server/src/action_policy.rs。
- 将 action key 的协议分类从 action handler 中抽出。
- ActionKind 当前包括 Teleport、SyncPosition、Gather、DropItem、MovementAudit、AuditItemDrop、AuditItemGain、HashChainSync、CloudStateSnapshot、贸易/银行动作及 Unknown。
- 目标：逐步区分“客户端本地动作 / 本地链动作 / 异步审计 / 服务端权威动作”。

【架构收敛方向】
Client：
- 输入、移动、镜头、动画、碰撞、本地预测、即时 UI、本地状态运行。
- 本地区块链记录本地操作，断网仍可运行。
- 必要时异步向服务器同步/审计。

Shared：
- 强类型数据契约与规则模型。
- 避免 server/client 各自维护互相漂移的类型。

Server：
- 账户、资产、经济、交易、银行、商票、结算、全球持久化、安全裁决。
- 不承担高频实时移动控制。

【下一阶段】
- 继续收敛 action.rs，但不要简单拆文件；先按动作责任分类。
- 本地动作：不应进入 /api/action。
- 本地链/审计动作：客户端先记录，必要时批量/异步上报。
- 服务端权威动作：才进入 /api/action。
- 保持已有正确行为，不为了“架构漂亮”破坏游戏行为。
- 优先减少职责混杂，而不是追求文件数量增加。

【工程纪律】
- 每次修改后都要做实际测试。
- JS：至少对修改相关文件执行 node --check；条件允许时对全部非第三方 JS 执行检查。
- Rust：条件允许时执行 cargo check --workspace / cargo test --workspace。
- 如果执行环境没有 cargo，必须明确说明，不能把静态检查说成编译通过。
- 不把“消灭所有 unwrap”作为最高优先级；重点是状态一致性、业务不变量、测试、错误模型、并发状态、持久化边界和安全。

【交流备注】
用户希望未来可以直接查看本项目根目录的 0826.log，理解每一步架构修改背后的思路，因此本日志应与项目文件一起保存，并在后续架构收敛过程中持续追加。

【本次继续：客户端动作责任边界】
- 用户要求继续架构收敛，并要求以后把与助手的交流/逻辑放入根目录 0826.log。
- 新增 server/static/js/action-policy.js：客户端侧只负责判断动作责任，不执行游戏规则。
- 分类：client_local / audit_async / server_authoritative / server_confirmed。
- 高频移动、镜头、碰撞等明确标为 client_local，避免未来误接 /api/action。
- 采集、交易、银行、掉落等资产动作保持服务端确认。
- 传送保持“客户端即时体验 + 服务端确认”，不把它错误归类为普通高频移动。
- GameStore.dispatchAction 改为先经过客户端责任分类，再进入服务端动作通道；增加 dispatchLocalAction 作为明确的本地动作入口。
- NetworkAdapter 增加 invokeServerAction，作为“需要服务端”的明确语义入口；保留通用 invoke 以避免现有审计/状态流程发生行为回归。
- 本次没有改变现有移动、UI、传送门实际玩法；目标是先建立安全的职责边界。


[2026-08-26 | Step 5 | 传送门拓扑全面校验]
用户要求：继续架构收敛，并检查每一张地图的传送门逻辑；已知问题包括部分传送门失效、部分传送落到地图中央。

本次检查发现的真实问题：
1. 客户端 input.js 在传送后直接使用 targetZone.spawnX/spawnY，普通传送因此先落到地图中心；这与服务端的点对点重生规则不一致。
2. 浙江 -> wild_bj_zj_6 的门被错误标记为 northwest，但坐标 (8100,500) 实际是 north 边界；豁口判定不支持 northwest，因此该门会失效。
3. 云南 -> wild_yn_qh_1 的门被标记为 northwest，且 targetDir=southeast；但 wild_yn_qh 链是 north/south 生成的，双方拓扑方向不一致，因此该门失效/无法正确回生。
4. 北京缺少 -> wild_bj_zj_1 的入口门，导致大运河津链的第一张野外图无法从北京正常进入；wild_bj_zj_1 反向却指向北京，形成单向断链。
5. 天空之城的 3 个出口指向北京/上海/青海，但这些主城在 WORLD_ZONES 中没有对应的天空入口，导致返回定位只能走错误 fallback。

本次修复原则：
- 普通传送必须使用目标地图与出发地图之间的对应入口门；客户端不再使用地图中心 spawnX/spawnY 作为普通传送落点。
- 删除“找不到对应门就猜一个门/中心点”的隐式 fallback；拓扑损坏直接报错，避免错误状态被静默掩盖。
- 浙江、云南的异常方向统一为实际存在的 north 边界，并与对应野外链的 south 入口对齐。
- 北京补上大运河津入口。
- 北京、上海、青海补上与天空之城相互对应的入口，使天空之城三条出口都有明确回生点。

架构原则：
“传送位置是拓扑规则的一部分，不是 UI 默认 spawn。”
客户端可以本地立即过图，但落点必须与服务端同一套拓扑规则一致；服务端仍是最终状态确认者。

测试要求：
- 对 WORLD_ZONES 执行目标存在性、边界方向、双向入口、传送落点规则校验。
- 所有 JS 文件执行 node --check。
- 当前执行环境没有 cargo/rustc，因此 Rust 不能在此环境做真实 cargo check；不得声称 Rust 编译已通过。

[2026-08-26 | Step 5b | 终点门生成器修复与全量回归验证]
进一步验证发现一个更深层的拓扑生成问题：JS/Rust 的 wilderness chain 生成器中，startDir 表示起始主城一侧的方向，但旧 JS/Rust 终点门直接把 endDir 当成荒野终点门方向；语义实际应该相反，因为 endDir 表示“终点主城一侧的门方向”，荒野终点门必须在相反边界。
因此修复了 JS 与 Rust 的链生成器：终点门方向改为 endDir 的 opposite，并保持同一条横向坐标。
同时将北京 -> 大运河津入口改为南门方向，与 wild_bj_zj_1 的北门回望口严格对应。

全量验证结果：
- WORLD_ZONES: 68 张地图。
- 传送门总数：146。
- 所有目标地图存在。
- 所有传送门均位于合法边界。
- 所有传送门均存在对应返回入口。
- 所有返回方向均严格相反。
- 所有传送落点均由 getPortalRebirthPos 计算。
- 中心坐标 (13500,13500) fallback 次数：0。
- 全部非第三方 JavaScript 文件 node --check：通过。

这次发现说明：传送门问题不只是单个坐标错误，而是“城市门方向 / 荒野门方向”的语义在生成器中没有统一。后续架构收敛必须优先消除这种“同一个概念在不同模块有不同语义”的问题。
