# 开发与交流日志 (2026-08-27 / 0827.log)

================================================================================
[对话与修改记录 1] 服务端编译修复与部署准备
- 问题/需求: 
  - 修复 TypeScript 编译与 Linter 检查报错（commerce.ts 中类型转换与 types.ts 属性定义兼容）。
  - 建立 tsconfig.json 与 npm run lint (tsc --noEmit) 验证流程。
- 解决动作:
  - 更新 src/types.ts，允许 attributes 为 Record<string, number | string>。
  - 在 src/commerce.ts 中修正 Number(item.attributes["buy_price"] ?? unitPrice) 算术运算。
  - 成功完成全量 build 与 lint 验证。

================================================================================
[对话与修改记录 2] 传送门逻辑函数化重构与参数调小 (50px)
- 用户需求:
  1. 将传送门的逻辑改成函数版，不再用固定的 +500 去设置玩家位置，而是改为 +50（应用 lib.rs / types.ts 中定义的参数）。
     - PORTAL_RADIUS: 50.0
     - PORTAL_INTERACT_RADIUS: 70.0
     - TELEPORT_COOLDOWN_SECS: 5
     - INVULNERABLE_DURATION_SECS: 30
     - INVULNERABLE_FATIGUE_SECS: 60
     - PORTAL_SAFE_INSET: 50.0
     - PORTAL_FALLBACK_INSET: 50.0
     传送门范围改小到 50，视觉与碰撞同步缩减。
  2. 不再保留 target 目录，清理空间。
- 解决动作:
  - 同步更新 Cyber-Forge/shared/src/lib.rs、src/types.ts、world_topology.rs 与前端 world-topology.js 中的常数值定义。
  - 重写 getPortalRebirthPos 计算函数：根据目标城门实际坐标与朝向，使用 safe_inset (50px) 进行动态推入，杜绝固定偏移或回落至中心。
  - 前端重构：新增 checkPortalTrigger(playerPos, zone, mapW, mapH) 函数，按 50px 半径进行边界门洞与中央阵眼触碰判定。
  - 前端渲染：在 world.js 中缩减城门豁口槽位与中央虚空法阵绘制尺寸至 50px 规格。
  - 清理工程中所有 target 构建缓存目录。

================================================================================
[对话与修改记录 3] 浏览器报错修复 (Unexpected token 'export')
- 错误信息: Uncaught SyntaxError: Unexpected token 'export'
- 根本原因: checkPortalTrigger 函数在之前重构时被放置在 updatePlayerMovement 函数内部，导致内部作用域使用了顶层 export 关键字。
- 解决动作:
  - 将 checkPortalTrigger 提升至 input.js 顶层模块作用域并导出。
  - 同步更新 Cyber-Forge/server/static/js/input.js。
  - 验证 lint_applet 与 compile_applet 全部正常通过。

================================================================================
[对话与修改记录 4] Rust 全栈工程双向同步排查与参数完全对齐
- 用户反馈:
  - 检查 PORTAL_RADIUS 与 PORTAL_INTERACT_RADIUS 参数是否在 Rust 原版代码中完全同步，并全面排查是否存在遗漏未同步的代码。
- 排查与同步结果:
  1. 发现根目录 `/shared/src/lib.rs` 之前保留了旧参数（320/360），已全部同步更新为统一规范：
     - `PORTAL_RADIUS: 50.0`
     - `PORTAL_INTERACT_RADIUS: 70.0`
     - `PORTAL_SAFE_INSET: 50.0`
     - `PORTAL_FALLBACK_INSET: 50.0`
  2. 针对 `/shared/`、`/server/`、`/client/` 与 `/Cyber-Forge/` 下的对应模块进行了全量 `diff` 比对：
     - 同步了 `server/src/commerce.rs`（商票押金 3 万、交割奖励仙玉金币、加权成本均价）。
     - 同步了 `server/src/handlers/action.rs`（持商票期间禁用快速传送拦截）。
  3. 执行 `diff -rq` 全量校验，确认根目录 Rust 模块与 `Cyber-Forge/` 原版工程 100% 完全一致。

================================================================================
[对话与修改记录 5] 根据 TODO.md 实现 1.4~8.4 珍稀采集物采完消失与6小时刷新机制
- 用户需求 (TODO.md):
  - 1.4、2.4、3.4、4.4、5.4、6.4、7.4、8.4 的采集物和其他采集物不同，在采集次数结束后便消失，再次出现是其位置变动刷新的时间（6小时以后）。
  - 要求每次根据 TODO.md 变动自动优化代码内容并双向同步。
- 实施改造:
  1. 前端采集读条引擎 (`server/static/js/input.js`):
     - `gatheringState.isT4Node`: 精准识别 4 级珍稀采集物 (`subLevel === 4 || isT4 || id.includes('_t4_')`)。
     - `gatheringState.tick`: 4 级采集物采完后彻底关闭 20 秒自然储量再生机制。
     - `gatheringState.completeGather`: 当 4 级采集物储量耗尽时，直接从当前地图 `zone.resources` 列表中剔除，并在日志和 Toast 中提示已化为天地灵气消散。
     - `getNearbyInteractable`: 过滤已耗尽的 4 级采集物，避免玩家靠近时产生无意义交互。
  2. 前端场景渲染 (`server/static/js/world.js`):
     - 在 `drawCityGatherNodes` 中增加判定，4 级采集物在储量耗尽（`rem <= 0`）后直接 `continue` 跳过渲染，不再显示半透明图标与光圈。
  3. 服务端储量协程 (`server/src/gathering.rs`):
     - `spawn_respawn_task` 中对 `_t4_` 节点跳过自然恢复，服务端与客户端逻辑严格统一。
  4. 6小时纪元刷新联动 (`server/static/js/world/world-topology.js`):
     - 4 级采集物仅在每 6 小时纪元刷新（`applyT4Resources`）时重新进行全局滑动窗口与生物群系加权投放，重置随机坐标与满额 8 次储量。
  5. 全量同步与验证:
     - 同步更新至 `Cyber-Forge/` 原版工程，`diff -rq` 全量对比 100% 一致。
     - 通过 `npm run lint` (`tsc --noEmit`) 与 `compile_applet` 全量编译验证。

================================================================================
[对话与修改记录 6] TODO.2 传送门 (Portal) 交互逻辑与判定距离彻底重构
- 用户需求 (TODO.md 第2项):
  - 触发范围过大导致误触与吸附，两门互传死循环 (Portal Bouncing) 严重影响体验。
  - 打造“哈利波特 9¾ 站台”体验：玩家必须主动“撞上”传送门，发生实质性模型重合/碰撞才能触发；哪怕距离 5~10px 也绝不误吸。
  - 全局所有类型传送门统一使用这套极短距离交互逻辑。
- 实施改造:
  1. 全局判定抽象与极小接触阈值 (`checkPortalTrigger`):
     - 边界城门 (东/西/南/北)：采用严格的方向性穿透碰撞箱判定（门洞通行跨度 ±30px，深度触碰或穿越门线仅允许 6px 容差）。
     - 中央阵眼/虚空法阵：采用严格的内核重合判定（`dist <= 24.0px`，即玩家模型中心实质踩入阵眼核心）。
     - 在距离门 5~10px 范围内行走绝不产生吸附误触。
  2. 彻底杜绝传送互吸死循环 (Portal Bouncing):
     - `PORTAL_SAFE_INSET` 与 `PORTAL_FALLBACK_INSET` 统一为 120.0px（过图重生安全内推距离），玩家过图后重生在距离目标门 114px 的安全内侧，绝不可能在静止状态下被反向门误触。
  3. 全栈全局同步与多端对齐:
     - 前端拓扑模块：`server/static/js/world/world-topology.js` 与 `server/static/js/input.js`。
     - Rust 共享常量库：`shared/src/lib.rs`（`PORTAL_RADIUS: 24.0`, `PORTAL_SAFE_INSET: 120.0`）。
     - TypeScript 全栈拓扑：`src/types.ts` 与 `src/topology.ts`。
     - Rust 客户端：`client/src/main.rs` 与 `client/src/world_topology.rs`。
     - Rust 服务端：`server/src/world_topology.rs`。
     - 原版工程同步：全量双向同步至 `Cyber-Forge/`，`diff -rq` 严格校验 100% 一致。
  4. 编译与检查验证:
     - `npm run lint` (`tsc --noEmit`) 零报错通过。
     - `compile_applet` 全量编译成功。

================================================================================
[对话与修改记录 7] 修复 Rust 服务端与客户端编译报错
- 报错原因:
  - `server/src/world_topology.rs` 中的 `check_portal_trigger` 返回类型误写为 `Option<(&GateDef, &str, &str)>`，实际拓扑门类型定义为 `PortalDef`。
- 修复与优化:
  1. 将 `server/src/world_topology.rs` 的 `check_portal_trigger` 返回签名修正为 `Option<(&PortalDef, &str, &str)>`。
  2. 同步为 `client/src/world_topology.rs`（`ClientTopology`）添加 `check_portal_trigger` 统一实现，并将 `client/src/main.rs` 的过图循环统一接入此方法，清理残余的 `break` 语句与括号层级。
  3. 双向同步更新 `Cyber-Forge/` 原版工程全部代码，并通过 `diff -rq` 验证零差异。

================================================================================
