# 开发与交流日志 (2026-08-27 / 0827.log)

================================================================================
[对话与修改记录 1] 服务端编译修复与部署准备
- 问题/需求: 
  - 修复 TypeScript 编译与 Linter 检查报错（commerce.ts 中类型转换与 types.ts 属性定义兼容）。
  - 建立 tsconfig.json 与 npm run lint (tsc --noEmit) 验证流程。
- 解决动作:
  - 更新 src/types.ts，允许 attributes 为 Record<string, number | string>。
  - 在 src/commerce.ts 中修正 Number(item.attributes["buy_price"] ?? unitPrice) 算术运算。
  - 成功完成全量 build 与 lint 验证。

================================================================================
[对话与修改记录 2] 传送门逻辑函数化重构与参数调小 (50px)
- 用户需求:
  1. 将传送门的逻辑改成函数版，不再用固定的 +500 去设置玩家位置，而是改为 +50（应用 lib.rs / types.ts 中定义的参数）。
     - PORTAL_RADIUS: 50.0
     - PORTAL_INTERACT_RADIUS: 70.0
     - TELEPORT_COOLDOWN_SECS: 5
     - INVULNERABLE_DURATION_SECS: 30
     - INVULNERABLE_FATIGUE_SECS: 60
     - PORTAL_SAFE_INSET: 50.0
     - PORTAL_FALLBACK_INSET: 50.0
     传送门范围改小到 50，视觉与碰撞同步缩减。
  2. 不再保留 target 目录，清理空间。
- 解决动作:
  - 同步更新 Cyber-Forge/shared/src/lib.rs、src/types.ts、world_topology.rs 与前端 world-topology.js 中的常数值定义。
  - 重写 getPortalRebirthPos 计算函数：根据目标城门实际坐标与朝向，使用 safe_inset (50px) 进行动态推入，杜绝固定偏移或回落至中心。
  - 前端重构：新增 checkPortalTrigger(playerPos, zone, mapW, mapH) 函数，按 50px 半径进行边界门洞与中央阵眼触碰判定。
  - 前端渲染：在 world.js 中缩减城门豁口槽位与中央虚空法阵绘制尺寸至 50px 规格。
  - 清理工程中所有 target 构建缓存目录。

================================================================================
[对话与修改记录 3] 浏览器报错修复 (Unexpected token 'export')
- 错误信息: Uncaught SyntaxError: Unexpected token 'export'
- 根本原因: checkPortalTrigger 函数在之前重构时被放置在 updatePlayerMovement 函数内部，导致内部作用域使用了顶层 export 关键字。
- 解决动作:
  - 将 checkPortalTrigger 提升至 input.js 顶层模块作用域并导出。
  - 同步更新 Cyber-Forge/server/static/js/input.js。
  - 验证 lint_applet 与 compile_applet 全部正常通过。

================================================================================
[对话与修改记录 4] Rust 全栈工程双向同步排查与参数完全对齐
- 用户反馈:
  - 检查 PORTAL_RADIUS 与 PORTAL_INTERACT_RADIUS 参数是否在 Rust 原版代码中完全同步，并全面排查是否存在遗漏未同步的代码。
- 排查与同步结果:
  1. 发现根目录 `/shared/src/lib.rs` 之前保留了旧参数（320/360），已全部同步更新为统一规范：
     - `PORTAL_RADIUS: 50.0`
     - `PORTAL_INTERACT_RADIUS: 70.0`
     - `PORTAL_SAFE_INSET: 50.0`
     - `PORTAL_FALLBACK_INSET: 50.0`
  2. 针对 `/shared/`、`/server/`、`/client/` 与 `/Cyber-Forge/` 下的对应模块进行了全量 `diff` 比对：
     - 同步了 `server/src/commerce.rs`（商票押金 3 万、交割奖励仙玉金币、加权成本均价）。
     - 同步了 `server/src/handlers/action.rs`（持商票期间禁用快速传送拦截）。
  3. 执行 `diff -rq` 全量校验，确认根目录 Rust 模块与 `Cyber-Forge/` 原版工程 100% 完全一致。

================================================================================
[对话与修改记录 5] 根据 TODO.md 实现 1.4~8.4 珍稀采集物采完消失与6小时刷新机制
- 用户需求 (TODO.md):
  - 1.4、2.4、3.4、4.4、5.4、6.4、7.4、8.4 的采集物和其他采集物不同，在采集次数结束后便消失，再次出现是其位置变动刷新的时间（6小时以后）。
  - 要求每次根据 TODO.md 变动自动优化代码内容并双向同步。
- 实施改造:
  1. 前端采集读条引擎 (`server/static/js/input.js`):
     - `gatheringState.isT4Node`: 精准识别 4 级珍稀采集物 (`subLevel === 4 || isT4 || id.includes('_t4_')`)。
     - `gatheringState.tick`: 4 级采集物采完后彻底关闭 20 秒自然储量再生机制。
     - `gatheringState.completeGather`: 当 4 级采集物储量耗尽时，直接从当前地图 `zone.resources` 列表中剔除，并在日志和 Toast 中提示已化为天地灵气消散。
     - `getNearbyInteractable`: 过滤已耗尽的 4 级采集物，避免玩家靠近时产生无意义交互。
  2. 前端场景渲染 (`server/static/js/world.js`):
     - 在 `drawCityGatherNodes` 中增加判定，4 级采集物在储量耗尽（`rem <= 0`）后直接 `continue` 跳过渲染，不再显示半透明图标与光圈。
  3. 服务端储量协程 (`server/src/gathering.rs`):
     - `spawn_respawn_task` 中对 `_t4_` 节点跳过自然恢复，服务端与客户端逻辑严格统一。
  4. 6小时纪元刷新联动 (`server/static/js/world/world-topology.js`):
     - 4 级采集物仅在每 6 小时纪元刷新（`applyT4Resources`）时重新进行全局滑动窗口与生物群系加权投放，重置随机坐标与满额 8 次储量。
  5. 全量同步与验证:
     - 同步更新至 `Cyber-Forge/` 原版工程，`diff -rq` 全量对比 100% 一致。
     - 通过 `npm run lint` (`tsc --noEmit`) 与 `compile_applet` 全量编译验证。

================================================================================
[对话与修改记录 6] TODO.2 传送门 (Portal) 交互逻辑与判定距离彻底重构
- 用户需求 (TODO.md 第2项):
  - 触发范围过大导致误触与吸附，两门互传死循环 (Portal Bouncing) 严重影响体验。
  - 打造“哈利波特 9¾ 站台”体验：玩家必须主动“撞上”传送门，发生实质性模型重合/碰撞才能触发；哪怕距离 5~10px 也绝不误吸。
  - 全局所有类型传送门统一使用这套极短距离交互逻辑。
- 实施改造:
  1. 全局判定抽象与极小接触阈值 (`checkPortalTrigger`):
     - 边界城门 (东/西/南/北)：采用严格的方向性穿透碰撞箱判定（门洞通行跨度 ±30px，深度触碰或穿越门线仅允许 6px 容差）。
     - 中央阵眼/虚空法阵：采用严格的内核重合判定（`dist <= 24.0px`，即玩家模型中心实质踩入阵眼核心）。
     - 在距离门 5~10px 范围内行走绝不产生吸附误触。
  2. 彻底杜绝传送互吸死循环 (Portal Bouncing):
     - `PORTAL_SAFE_INSET` 与 `PORTAL_FALLBACK_INSET` 统一为 120.0px（过图重生安全内推距离），玩家过图后重生在距离目标门 114px 的安全内侧，绝不可能在静止状态下被反向门误触。
  3. 全栈全局同步与多端对齐:
     - 前端拓扑模块：`server/static/js/world/world-topology.js` 与 `server/static/js/input.js`。
     - Rust 共享常量库：`shared/src/lib.rs`（`PORTAL_RADIUS: 24.0`, `PORTAL_SAFE_INSET: 120.0`）。
     - TypeScript 全栈拓扑：`src/types.ts` 与 `src/topology.ts`。
     - Rust 客户端：`client/src/main.rs` 与 `client/src/world_topology.rs`。
     - Rust 服务端：`server/src/world_topology.rs`。
     - 原版工程同步：全量双向同步至 `Cyber-Forge/`，`diff -rq` 严格校验 100% 一致。
  4. 编译与检查验证:
     - `npm run lint` (`tsc --noEmit`) 零报错通过。
     - `compile_applet` 全量编译成功。

================================================================================
[对话与修改记录 7] 修复 Rust 服务端与客户端编译报错
- 报错原因:
  - `server/src/world_topology.rs` 中的 `check_portal_trigger` 返回类型误写为 `Option<(&GateDef, &str, &str)>`，实际拓扑门类型定义为 `PortalDef`。
- 修复与优化:
  1. 将 `server/src/world_topology.rs` 的 `check_portal_trigger` 返回签名修正为 `Option<(&PortalDef, &str, &str)>`。
  2. 同步为 `client/src/world_topology.rs`（`ClientTopology`）添加 `check_portal_trigger` 统一实现，并将 `client/src/main.rs` 的过图循环统一接入此方法，清理残余的 `break` 语句与括号层级。
  3. 双向同步更新 `Cyber-Forge/` 原版工程全部代码，并通过 `diff -rq` 验证零差异。

================================================================================
[对话与修改记录 8] 合并 Rust 版 TODO.md 与 TODO 待办为统一的 Cyber-Forge/README.md
- 修改内容:
  1. 将历史与进行中的需求任务完整融入 `/Cyber-Forge/README.md` 的【玩法任务与交付记录 (Task Checklist & Changelog)】部分。
  2. 包含系统架构报告、宏观架构图、路线图与工程技术债 (Roadmap & Technical Debt)、编译指令等全部核心模块。
  3. 删除独立的 `TODO.md` 文件，统一在 `Cyber-Forge/README.md` 维护。
  4. 同步更新 `AGENTS.md` 与 `Cyber-Forge/AGENTS.md` 中的维护规则声明。

================================================================================
[对话与修改记录 9] 建立 LOG 日志目录并将已完成 TODO 独立归档为 DONE.md
- 修改内容:
  1. 创建 `/Cyber-Forge/LOG/` 与 `/LOG/` 专属日志归档目录。
  2. 创建 `LOG/DONE.md`，完整记录已交付的五大系统需求（1.4~8.4 珍稀采集物采完消失与 6 小时重置、哈利波特 9¾ 传送门实质物理碰撞判定与过图防回弹、过图无敌与冷却保护、商票信用机制与防作弊、Rust 双模全栈无瑕疵编译）。
  3. 将更新日志（`0827.log`）全部移入 `LOG/` 目录。
  4. 在 `README.md` 与 `Cyber-Forge/README.md` 中留下指向 `LOG/DONE.md` 与 `LOG/` 目录的高亮超链接索引。
  5. 固化规范至 `AGENTS.md`。

================================================================================
[对话与修改记录 10] 修复传送门 UI 渲染坐标与实际物理交互点错位 Bug
- 问题排查与根本原因 (Root Cause):
  1. UI 渲染硬编码偏置：在 `server/static/js/world.js` 中，城门与门楣标牌早前硬编码绘制在 `X/Y = 180` 处（或 map - 180），而全局拓扑配置中传送门的真实坐标为 `x: 60` 或 `map - 60`。导致视觉上看到的光幕和门楼距离真实门线有 120px（约 4~5 个身位）的严重视觉偏置。
  2. 交互判定区不对称：早前接触判定使用了非对称深度判断（`px - 40` 到 `px + 6`），导致玩家走到门前 UI 视觉位置时未能进入物理门线，后退至墙角偏远位置时反而触发了后方的判定区。
- 修复方案:
  1. 统一 UI 渲染中心：`server/static/js/world.js` 的门楼、门柱、虚空光幕与门楣标牌全部以 `portal.x, portal.y` 为严格中心点进行绘制，消除任何人工偏移。
  2. 统一物理接触对称窗口：门洞宽度设为 `50px`（对应 100px 门洞跨度），深度判定设为 `±30px`（玩家只要走到门洞 UI 处即可完美交互，贴门即过，不贴不误触）。
  3. 全栈多端严格同步：同步修复 `server/static/js/world-topology.js`、`server/src/world_topology.rs` 与 `client/src/world_topology.rs`。

================================================================================
[对话与修改记录 11] 传送门贴墙依附重构与 2.5D 唯美空间光效升级 (剔除方块装饰)
- 用户需求:
  1. 传送门贴墙放，不要方块装饰；
  2. 保留好看光效，墙上的传送门，呈现 2.5D 空间立体感。
- 设计与实现:
  1. 彻底剔除方块装饰：删除了所有突兀的灰色石质门柱（Wall Pillars / roundRect 灰块）。
  2. 2.5D 地面投影光渊 (Ground 2.5D Ellipse)：
     - 采用 `ctx.ellipse` 倾斜透视压扁椭圆（短半轴为长半轴约 40%），并在地面伴随呼吸律动向外扩散柔和霓虹能量波纹。
  3. 墙面 2.5D 依附式空间裂隙与流光帘幕 (Wall-Mounted Vertical & Arch Portals)：
     - 东西墙（垂直墙面）：绘制沿墙面纵向撕裂的 2.5D 空间裂隙、双频正弦波动光瀑帘幕、上下蔓延融入墙体的微光灵脉及升腾能量微粒。
     - 南北墙（横向墙面）：绘制 2.5D 拱形星穹光门，拱顶光弧起伏，下沿与地面椭圆光渊相融。
     - 阵眼（特殊中央传送阵）：纯正 2.5D 倾斜双层星轨阵盘 + 垂直升腾虚空光柱。
  4. 悬浮 2.5D 晶体微光标牌：采用半透明玄黑晶体底板 + 霓虹发光细边框 + 呼吸浮动动效与灵气指示微点。
  5. 物理交互与全栈同步：
     - 门洞跨度优化为 60px (120px 视觉跨度)，触碰深度设为 40px (与 2.5D 地面光渊完美吻合)。
     - 同步更新 JavaScript、Rust 服务端与 Rust 客户端，双向同步至 `Cyber-Forge/`。

================================================================================
[对话与修改记录 12] 传送门与边界城墙脱节排查与无缝嵌墙重构
- 用户问题:
  - 传送门现在离墙太远了，需要排查原因。
- 根因排查 (Root Cause Analysis):
  1. 墙体绘制线坐标脱节：在 `world.js` 的 `drawCityTilemap` 中，边界城墙原先硬编码画在地图最边缘 `ctx.strokeRect(40, 40, mapW - 80, mapH - 80)` (即 40px 处)，而传送门的全局拓扑坐标定义在 500px (即 26500px 处)。导致传送门与外围发光城墙之间产生了足足 460px 的巨大空隙，视觉上漂浮在旷野中央。
  2. 墙体线未在传送门处开辟豁口：原先是封闭实心方框线，门洞与墙体毫无结构性嵌合。
  3. 客户端碰撞限制过窄：`checkClientCollision` 硬编码 `[200, mapW-200]`，与 40px 外墙及 500px 传送门不一致。
- 解决方案与重构实施:
  1. 城墙坐标与传送门严格对齐：将边界四面城墙的基准线严格设置在传送门所在的 `500px` (`mapW - 500px`) 线上。
  2. 城墙门洞豁口精确切割：在城墙上对每个传送门精确开辟 `120px` 门洞断口，城墙左右/上下切面与 2.5D 流光裂隙、拱门与灵脉纹路无缝嵌合，实现 0 距离依附在墙面上。
  3. 碰撞体贴合城墙：更新 `checkClientCollision`，沿 500px 城墙实施阻挡，仅在 120px 门洞处允许角色穿行接触传送门触发传送。
  4. 双向同步：已同步 `server/static/js/world.js`、`server/static/js/input.js` 至 `Cyber-Forge/`。

================================================================================
[对话与修改记录 13] 传送门位置硬编码根因全面排查与地表/城墙/相机视口全链路统一
- 用户反馈:
  - 这位置明显不对，肯定是有硬编码在代码里。
- 根因定位 (Root Cause Analysis):
  1. 历史遗留硬编码 1：在 `world.js` 中，原先有一行旧代码 `ctx.strokeRect(40, 40, mapW - 80, mapH - 80)` 硬编码在 `40px` 处绘制了一条 12px 宽的巨型高亮外框线（即截图中玩家右侧/下方的红色/橙色光幕线）。
  2. 历史遗留硬编码 2：原先 `input.js` 中的碰撞阻挡判定写死为 `Math.max(200, Math.min(nextX, mapW - 200))`，允许玩家穿过 500px 处的传送门一直走到 26800px，从而站在传送门与外围 40px 发光线之间的 460px 空白地块上。
  3. 历史遗留硬编码 3：`world.js` 原先地表底色与网格贴图从 `(0, 0)` 一直铺设到 `(mapW, mapH)`，导致 500px 墙体以外依然有完整的草地/地砖网格，使墙体和门像摆在房间中间一样。
- 彻底解决与全链路闭环:
  1. 彻底拔除历史 40px/200px 遗留硬编码：
     - 将活动地表底色与网格铺设范围严格裁剪至城墙内 `[wallMargin, mapW - wallMargin]`，城墙外侧全部为虚空深渊 (`#01040a`)。
     - 边界四面城墙就是地图的物理边界与地表边缘，传送门直接作为城墙切口嵌入其中。
  2. 物理与位移边界严格对齐：
     - 角色活动范围被严格锁定在 500px 城墙内部，除 120px 门洞外不可越过城墙；玩家走到门洞时直接接触 2.5D 传送门并触发过图。
  3. 双向同步与编译验证：
     - 全量双向同步至 `Cyber-Forge/` 纯 Rust 原版工程。
     - 经过 `tsc --noEmit` 与 `compile_applet` 全量编译无误。
================================================================================
[对话与修改记录 14] 统一四边墙线页边距 Library 函数化与传送门/地表/碰撞单参数自适应绑定
- 用户需求:
  - 新搞出来 墙 页边距真是太大了， 把墙线页边距也作成放入lib函数， 供我调整， 传送门绑定到墙线上， 我直接调整墙页边距就好了，四边用一个参数调整即可
- 架构设计与函数库封装 (Library Standardization):
  1. 统一单参数页边距与库函数：
     - 在 `world-topology.js` (以及 Rust `GameConfig::WALL_MARGIN`) 中导出统一变量与管理函数：
       - `export let WORLD_WALL_MARGIN = 80;` (默认收紧至 80px，彻底告别 500px 巨型边距)
       - `export function getWallMargin()`: 获取当前全局统一页边距
       - `export function setWallMargin(margin)`: 供用户随时通过单个参数动态调整四边页边距
       - `export function bindPortalsToWall(zone, margin)`: 自动遍历区域所有传送门，将东西南北门严格绑定吸附在四边墙线上
       - `export function syncGateCoordinatesWithWallMargin(margin)`: 全局区域传送门全量对齐重绑
  2. 传送门/地表/城墙/物理碰撞全链路单参数绑定：
     - 地表与网格：`drawCityTilemap` 动态获取 `getWallMargin()`，地表与网格铺设严格对齐墙线。
     - 城墙与门洞：城墙线完全建立在 `getWallMargin()` 上，并在门洞处精确断开 120px 豁口。
     - 2.5D 传送门：传送门坐标由 `bindPortalsToWall` 自动动态吸附至四边墙线上，调整一个数字即全局生效。
     - 物理阻挡与位移钳制：`checkClientCollision` 与 `updatePlayerMovement` 动态依赖 `getWallMargin()`。
  3. 双向同步与 Rust 原版工程统一：
     - 同步更新 `Cyber-Forge/shared/src/lib.rs` (`GameConfig::WALL_MARGIN`)。
     - 同步更新 `server/src/world_topology.rs`、`Cyber-Forge/server/src/world_topology.rs` 及 `Cyber-Forge/client/src/world_topology.rs`。
     - 同步更新 `Cyber-Forge/server/static/` 下所有前端脚本。
================================================================================
[对话与修改记录 15] 弹窗尺寸参数化入lib、调试特殊库货币直取、背包右键上架/熔炼/装备回收打通
- 用户需求:
  1. 需要把游戏里每一个弹出窗口的大小都量化成参数。变成参数放入 lib.rs 里。
  2. 在调试模式物品库 特殊 标签页里增加铜钱、金币和先玉。获取方式。像其他物品一样，点击一下就获取。
  3. 背包里的物品右键上架拍卖行：上架藏宝阁：这个需要修复啊。、熔炼成渣：这个右键功能也需要打通。装备回收炼铁返金：这个也需要打通，但是他只能回收装备，因为标签里写的很清楚，目前让他回收装备。
- 解决动作:
  1. 弹窗尺寸全面量化与参数化 (UIWindowConfig):
     - 在 Cyber-Forge/shared/src/lib.rs 中新增 WindowDimensions 结构体与 UIWindowConfig，将游戏内所有 15 个弹出窗口尺寸（map、stash、auction、quest、apprentice、logs、body、inspect、debug、settings、trade、bank、dungeon、drop_confirm、context_menu）全部量化为命名常量，并提供 get_window_size(modal_id) 检索函数。
     - 在前端新增 server/static/js/ui-window-config.js，导出 UI_WINDOW_CONFIG、getModalDimensions(id) 与 setModalDimensions(id, w, h) 开放接口，重构 getModalBounds 与 context-menu.js。
  2. 调试模式物品库特殊标签页新增货币直取:
     - 在 debug-view.js 的 _buildItemCatalog 特殊标签页中增加 铜钱 (+10000)、金币 (+1000)、仙玉 (+100)。
     - 在 _addItemToBackpack 中增加货币直取分支：点击后直接增加对应 gameState.copper、gameState.coins、gameState.jade 余额，并记录区块链审计、飘字 Toast 及系统日志。
  3. 背包右键菜单三大功能全面打通与严格限制:
     - 装备回收 (炼铁返金, 仅限装备):
       - 编写 isEquipmentItem(item) 严格判据，非装备在右键菜单中显示为 (仅限装备) 且处于禁用置灰状态。
       - 回收时扣除装备，返还 精铁锭·T{tier} x1，并根据所在城市返还铜钱与金币（北京享有 2.0x 红皇城特惠）。
       - 前后端联动同步处理 recycle_equipment 动作指令。
     - 上架藏宝阁 / 拍卖行:
       - 扣除背包物品，计算起拍价与估值，生成拍品对象推入 gameState.lots，同步派发 list_item 动作指令至服务端。
     - 熔炼成渣 (玄铁矿渣):
       - 扣除背包物品，生成产物 玄铁矿渣·T{tier} x1 并返还微量铜钱，同步派发 melt_item 动作指令至服务端。
  4. 双向同步与编译验证:
     - 同步更新前后端、Cyber-Forge/ 原版工程与共享协议库，compile_applet 全绿通过。
================================================================================

[错误修复] 修复 debug-view.js 缺少 audio 模块导入报错问题
- 异常现象:
  - 玩家在调试物品库点击获取货币时，控制台抛出 Uncaught (in promise) ReferenceError: audio is not defined at _addItemToBackpack (debug-view.js:928:5)。
- 修复动作:
  - 在 server/static/js/debug-view.js 及 Cyber-Forge/server/static/js/debug-view.js 顶部补全 import { audio } from './audio.js'; 引用。
  - 同步更新原版工程与 Web 容器，lint_applet 与 compile_applet 验证无误通过。
================================================================================
